// Jest Snapshot v1, https://goo.gl/fbAQLP

exports[`renders correctly 1`] = `
<div>
  <header>
    <div
      className="top-bar"
    >
      <div
        className="top-bar-left"
      >
        <h4>
          Adam's Birthright Trip to The Land of Israel
        </h4>
      </div>
      <img
        alt="RT-38-1047"
        src="header.jpg"
      />
    </div>
  </header>
  <div
    className="App"
  >
    <div
      className="cover"
    >
      <img
        alt="Cover"
        src="cover.jpg"
      />
      <a
        className="landingLink"
        href="/index"
        onClick={[Function]}
      >
        Enter
      </a>
    </div>
  </div>
</div>
`;
