// Jest Snapshot v1, https://goo.gl/fbAQLP

exports[`renders correctly 1`] = `
<div>
  <header>
    <div
      className="top-bar"
    >
      <div
        className="top-bar-left"
      >
        <h4>
          Adam's Birthright Trip to The Land of Israel
        </h4>
      </div>
    </div>
  </header>
  <div
    className="App"
  >
    <div>
      <h1>
        Coming Soon
      </h1>
      <button
        className="button"
      >
        <a
          disabled={false}
          href="/index"
          onClick={[Function]}
        >
          Enter
        </a>
      </button>
    </div>
  </div>
</div>
`;
