// Jest Snapshot v1, https://goo.gl/fbAQLP

exports[`renders correctly 1`] = `
Array [
  <header>
    <div
      className="top-bar"
    >
      <div
        className="top-bar-left"
      >
        <h4
          data-testid="title-display"
        >
          Adam's Birthright Trip to The Land of Israel
        </h4>
        <a
          href="/index"
          onClick={[Function]}
        >
          <span
            aria-hidden={true}
            className="fa fa-home"
            style={
              Object {
                "textShadow": "2px 2px 4px black",
              }
            }
          />
        </a>
      </div>
      <img
        alt="RT-38-1047"
        src="/assets/main/header.jpg"
      />
    </div>
  </header>,
  <div
    className="App"
  >
    <div
      className="cover"
    >
      <img
        alt="Cover"
        src="/assets/main/cover.jpg"
      />
      <a
        className="landing custom-button"
        href="/index"
        onClick={[Function]}
      >
        Enter
      </a>
      <p
        id="author"
      >
        by Adam Bodie
      </p>
    </div>
  </div>,
]
`;
