// Jest Snapshot v1, https://goo.gl/fbAQLP

exports[`renders correctly 1`] = `
<div
  className="cover"
>
  <img
    alt="Cover"
    src="/assets/main/cover.jpg"
  />
  <a
    className="landing custom-button"
    href="/index"
    onClick={[Function]}
  >
    Enter
  </a>
  <p
    id="author"
  >
    by Adam Bodie
  </p>
</div>
`;
